// Jest Snapshot v1, https://goo.gl/fbAQLP

exports[`commands list should match for list 1`] = `"🎨 - [34m:art:[39m  │ Improving structure / format of the code."`;

exports[`commands list should match for list 2`] = `"🔥 - [34m:fire:[39m │ Removing code or files."`;

exports[`commands search should match for correct query 1`] = `undefined`;

exports[`config module should match for AUTO ADD 1`] = `true`;

exports[`config module should match for EMOJI FORMAT 1`] = `"emoji"`;

exports[`config module should match for SIGNED COMMIT 1`] = `false`;

exports[`config module should match for TITLE MAX LENGTH 1`] = `48`;

exports[`parse line should match for parseLine 1`] = `"🎨 - [34m:art:[39m│ Improving structure / format of the code."`;
