// Jest Snapshot v1, https://goo.gl/fbAQLP

exports[`commands list should match for list 1`] = `"🎨 - [34m:art:[39m      │ Improving structure / format of the code."`;

exports[`commands list should match for list 2`] = `"🔥 - [34m:fire:[39m     │ Removing code or files."`;

exports[`commands list should match for list 3`] = `"💵 - [34m:dollar:[39m   │ Adding financial things"`;

exports[`commands list should match for list 4`] = `"✨ - [34m:sparkles:[39m │ Introducing new features."`;

exports[`commands search should match for correct query 1`] = `undefined`;

exports[`config module should match for AUTO ADD 1`] = `true`;

exports[`config module should match for EMOJI FORMAT 1`] = `"emoji"`;

exports[`config module should match for SIGNED COMMIT 1`] = `false`;

exports[`config module should match for TITLE MAX LENGTH 1`] = `48`;

exports[`get gitmojis have config should have ordered rules 1`] = `
Array [
  Object {
    "code": ":sparkles:",
    "description": "Introducing new features.",
    "emoji": "✨",
    "entity": "&#x2728;",
    "name": "sparkles",
  },
  Object {
    "code": ":art:",
    "description": "Improving structure / format of the code.",
    "emoji": "🎨",
    "entity": "&#x1f3a8;",
    "name": "art",
  },
  Object {
    "code": ":fire:",
    "description": "Removing code or files.",
    "emoji": "🔥",
    "entity": "&#x1f525;",
    "name": "fire",
  },
  Object {
    "code": ":dollar:",
    "description": "Adding financial things",
    "emoji": "💵",
    "entity": "&#128181;",
    "name": "dollar",
  },
]
`;

exports[`get gitmojis have config should have rules 1`] = `
Array [
  Object {
    "code": ":art:",
    "description": "Improving structure / format of the code.",
    "emoji": "🎨",
    "entity": "&#x1f3a8;",
    "name": "art",
  },
  Object {
    "code": ":fire:",
    "description": "Removing code or files.",
    "emoji": "🔥",
    "entity": "&#x1f525;",
    "name": "fire",
  },
  Object {
    "code": ":dollar:",
    "description": "Adding financial things",
    "emoji": "💵",
    "entity": "&#128181;",
    "name": "dollar",
  },
  Object {
    "code": ":sparkles:",
    "description": "Introducing new features.",
    "emoji": "✨",
    "entity": "&#x2728;",
    "name": "sparkles",
  },
]
`;

exports[`get gitmojis should match for defaults 1`] = `
Array [
  Object {
    "code": ":art:",
    "description": "Improving structure / format of the code.",
    "emoji": "🎨",
    "entity": "&#x1f3a8;",
    "name": "art",
  },
  Object {
    "code": ":fire:",
    "description": "Removing code or files.",
    "emoji": "🔥",
    "entity": "&#x1f525;",
    "name": "fire",
  },
  Object {
    "code": ":dollar:",
    "description": "Adding financial things",
    "emoji": "💵",
    "entity": "&#128181;",
    "name": "dollar",
  },
  Object {
    "code": ":sparkles:",
    "description": "Introducing new features.",
    "emoji": "✨",
    "entity": "&#x2728;",
    "name": "sparkles",
  },
]
`;

exports[`parse line should match for parseLine 1`] = `"🎨 - [34m:art:[39m│ Improving structure / format of the code."`;
